2026-04-11 14:19:43 [HikariPool-1 housekeeper] WARN  com.zaxxer.hikari.pool.HikariPool - HikariPool-1 - Thread starvation or clock leap detected (housekeeper delta=11h30m21s206ms548µs100ns).
2026-04-11 14:42:37 [http-nio-8081-exec-4] INFO  c.m.p.controller.ProductController - 📥 [Feign] Décrémentation stock demandée pour produit ID: 2 (Quantité: 1)
2026-04-11 14:45:40 [http-nio-8081-exec-8] INFO  c.m.p.controller.ProductController - 📥 [Feign] Décrémentation stock demandée pour produit ID: 3 (Quantité: 1)
2026-04-11 14:45:53 [http-nio-8081-exec-6] INFO  c.m.p.controller.ProductController - 📥 [Feign] Décrémentation stock demandée pour produit ID: 3 (Quantité: 1)
2026-04-11 14:48:37 [background-preinit] INFO  o.h.validator.internal.util.Version - HV000001: Hibernate Validator 8.0.2.Final
2026-04-11 14:48:37 [main] INFO  c.m.p.ProductServiceApplication - Starting ProductServiceApplication using Java 21.0.10 with PID 14236 (C:\Users\LENOVO\IdeaProjects\Microservices-Final\product-service\target\classes started by LENOVO in C:\Users\LENOVO\IdeaProjects\Microservices-Final\product-service)
2026-04-11 14:48:37 [main] DEBUG c.m.p.ProductServiceApplication - Running with Spring Boot v3.4.1, Spring v6.2.1
2026-04-11 14:48:37 [main] INFO  c.m.p.ProductServiceApplication - No active profile set, falling back to 1 default profile: "default"
2026-04-11 14:48:39 [main] INFO  o.s.d.r.c.RepositoryConfigurationDelegate - Multiple Spring Data modules found, entering strict repository configuration mode
2026-04-11 14:48:39 [main] INFO  o.s.d.r.c.RepositoryConfigurationDelegate - Bootstrapping Spring Data JPA repositories in DEFAULT mode.
2026-04-11 14:48:40 [main] INFO  o.s.d.r.c.RepositoryConfigurationDelegate - Finished Spring Data repository scanning in 284 ms. Found 1 JPA repository interface.
2026-04-11 14:48:40 [main] INFO  o.s.d.r.c.RepositoryConfigurationDelegate - Multiple Spring Data modules found, entering strict repository configuration mode
2026-04-11 14:48:40 [main] INFO  o.s.d.r.c.RepositoryConfigurationDelegate - Bootstrapping Spring Data Redis repositories in DEFAULT mode.
2026-04-11 14:48:40 [main] INFO  o.s.d.r.c.RepositoryConfigurationExtensionSupport - Spring Data Redis - Could not safely identify store assignment for repository candidate interface com.microservices.product.repository.ProductRepository; If you want this repository to be a Redis repository, consider annotating your entities with one of these annotations: org.springframework.data.redis.core.RedisHash (preferred), or consider extending one of the following types with your repository: org.springframework.data.keyvalue.repository.KeyValueRepository
2026-04-11 14:48:40 [main] INFO  o.s.d.r.c.RepositoryConfigurationDelegate - Finished Spring Data repository scanning in 25 ms. Found 0 Redis repository interfaces.
2026-04-11 14:48:42 [main] INFO  o.s.b.w.e.tomcat.TomcatWebServer - Tomcat initialized with port 8081 (http)
2026-04-11 14:48:42 [main] INFO  o.a.coyote.http11.Http11NioProtocol - Initializing ProtocolHandler ["http-nio-8081"]
2026-04-11 14:48:42 [main] INFO  o.a.catalina.core.StandardService - Starting service [Tomcat]
2026-04-11 14:48:42 [main] INFO  o.a.catalina.core.StandardEngine - Starting Servlet engine: [Apache Tomcat/10.1.34]
2026-04-11 14:48:42 [main] INFO  o.a.c.c.C.[Tomcat].[localhost].[/] - Initializing Spring embedded WebApplicationContext
2026-04-11 14:48:42 [main] INFO  o.s.b.w.s.c.ServletWebServerApplicationContext - Root WebApplicationContext: initialization completed in 5050 ms
2026-04-11 14:48:43 [main] INFO  o.h.jpa.internal.util.LogHelper - HHH000204: Processing PersistenceUnitInfo [name: default]
2026-04-11 14:48:44 [main] INFO  org.hibernate.Version - HHH000412: Hibernate ORM core version 6.6.4.Final
2026-04-11 14:48:44 [main] INFO  o.h.c.i.RegionFactoryInitiator - HHH000026: Second-level cache disabled
2026-04-11 14:48:44 [main] INFO  o.s.o.j.p.SpringPersistenceUnitInfo - No LoadTimeWeaver setup: ignoring JPA class transformer
2026-04-11 14:48:44 [main] INFO  com.zaxxer.hikari.HikariDataSource - HikariPool-1 - Starting...
2026-04-11 14:48:45 [main] INFO  com.zaxxer.hikari.pool.HikariPool - HikariPool-1 - Added connection org.postgresql.jdbc.PgConnection@c7cf8c4
2026-04-11 14:48:45 [main] INFO  com.zaxxer.hikari.HikariDataSource - HikariPool-1 - Start completed.
2026-04-11 14:48:45 [main] INFO  o.hibernate.orm.connections.pooling - HHH10001005: Database info:
	Database JDBC URL [Connecting through datasource 'HikariDataSource (HikariPool-1)']
	Database driver: undefined/unknown
	Database version: 15.17
	Autocommit mode: undefined/unknown
	Isolation level: undefined/unknown
	Minimum pool size: undefined/unknown
	Maximum pool size: undefined/unknown
2026-04-11 14:48:48 [main] INFO  o.h.e.t.j.p.i.JtaPlatformInitiator - HHH000489: No JTA platform available (set 'hibernate.transaction.jta.platform' to enable JTA platform integration)
2026-04-11 14:48:48 [main] INFO  o.s.o.j.LocalContainerEntityManagerFactoryBean - Initialized JPA EntityManagerFactory for persistence unit 'default'
2026-04-11 14:48:48 [main] INFO  o.s.d.j.r.query.QueryEnhancerFactory - Hibernate is in classpath; If applicable, HQL parser will be used.
2026-04-11 14:48:49 [main] WARN  o.s.b.a.o.j.JpaBaseConfiguration$JpaWebConfiguration - spring.jpa.open-in-view is enabled by default. Therefore, database queries may be performed during view rendering. Explicitly configure spring.jpa.open-in-view to disable this warning
2026-04-11 14:48:51 [main] INFO  o.a.coyote.http11.Http11NioProtocol - Starting ProtocolHandler ["http-nio-8081"]
2026-04-11 14:48:51 [main] INFO  o.s.b.w.e.tomcat.TomcatWebServer - Tomcat started on port 8081 (http) with context path '/'
2026-04-11 14:48:51 [main] INFO  c.m.p.ProductServiceApplication - Started ProductServiceApplication in 15.832 seconds (process running for 17.466)
2026-04-11 15:05:20 [background-preinit] INFO  o.h.validator.internal.util.Version - HV000001: Hibernate Validator 8.0.2.Final
2026-04-11 15:05:20 [main] INFO  c.m.p.ProductServiceApplication - Starting ProductServiceApplication using Java 21.0.10 with PID 25100 (C:\Users\LENOVO\IdeaProjects\Microservices-Final\product-service\target\classes started by LENOVO in C:\Users\LENOVO\IdeaProjects\Microservices-Final\product-service)
2026-04-11 15:05:20 [main] DEBUG c.m.p.ProductServiceApplication - Running with Spring Boot v3.4.1, Spring v6.2.1
2026-04-11 15:05:20 [main] INFO  c.m.p.ProductServiceApplication - No active profile set, falling back to 1 default profile: "default"
2026-04-11 15:05:23 [main] INFO  o.s.d.r.c.RepositoryConfigurationDelegate - Multiple Spring Data modules found, entering strict repository configuration mode
2026-04-11 15:05:23 [main] INFO  o.s.d.r.c.RepositoryConfigurationDelegate - Bootstrapping Spring Data JPA repositories in DEFAULT mode.
2026-04-11 15:05:23 [main] INFO  o.s.d.r.c.RepositoryConfigurationDelegate - Finished Spring Data repository scanning in 253 ms. Found 1 JPA repository interface.
2026-04-11 15:05:23 [main] INFO  o.s.d.r.c.RepositoryConfigurationDelegate - Multiple Spring Data modules found, entering strict repository configuration mode
2026-04-11 15:05:23 [main] INFO  o.s.d.r.c.RepositoryConfigurationDelegate - Bootstrapping Spring Data Redis repositories in DEFAULT mode.
2026-04-11 15:05:23 [main] INFO  o.s.d.r.c.RepositoryConfigurationExtensionSupport - Spring Data Redis - Could not safely identify store assignment for repository candidate interface com.microservices.product.repository.ProductRepository; If you want this repository to be a Redis repository, consider annotating your entities with one of these annotations: org.springframework.data.redis.core.RedisHash (preferred), or consider extending one of the following types with your repository: org.springframework.data.keyvalue.repository.KeyValueRepository
2026-04-11 15:05:23 [main] INFO  o.s.d.r.c.RepositoryConfigurationDelegate - Finished Spring Data repository scanning in 20 ms. Found 0 Redis repository interfaces.
2026-04-11 15:05:26 [main] INFO  o.s.b.w.e.tomcat.TomcatWebServer - Tomcat initialized with port 8081 (http)
2026-04-11 15:05:26 [main] INFO  o.a.coyote.http11.Http11NioProtocol - Initializing ProtocolHandler ["http-nio-8081"]
2026-04-11 15:05:26 [main] INFO  o.a.catalina.core.StandardService - Starting service [Tomcat]
2026-04-11 15:05:26 [main] INFO  o.a.catalina.core.StandardEngine - Starting Servlet engine: [Apache Tomcat/10.1.34]
2026-04-11 15:05:26 [main] INFO  o.a.c.c.C.[Tomcat].[localhost].[/] - Initializing Spring embedded WebApplicationContext
2026-04-11 15:05:26 [main] INFO  o.s.b.w.s.c.ServletWebServerApplicationContext - Root WebApplicationContext: initialization completed in 5923 ms
2026-04-11 15:05:27 [main] INFO  o.h.jpa.internal.util.LogHelper - HHH000204: Processing PersistenceUnitInfo [name: default]
2026-04-11 15:05:27 [main] INFO  org.hibernate.Version - HHH000412: Hibernate ORM core version 6.6.4.Final
2026-04-11 15:05:27 [main] INFO  o.h.c.i.RegionFactoryInitiator - HHH000026: Second-level cache disabled
2026-04-11 15:05:28 [main] INFO  o.s.o.j.p.SpringPersistenceUnitInfo - No LoadTimeWeaver setup: ignoring JPA class transformer
2026-04-11 15:05:28 [main] INFO  com.zaxxer.hikari.HikariDataSource - HikariPool-1 - Starting...
2026-04-11 15:05:29 [main] INFO  com.zaxxer.hikari.pool.HikariPool - HikariPool-1 - Added connection org.postgresql.jdbc.PgConnection@66d61298
2026-04-11 15:05:29 [main] INFO  com.zaxxer.hikari.HikariDataSource - HikariPool-1 - Start completed.
2026-04-11 15:05:29 [main] INFO  o.hibernate.orm.connections.pooling - HHH10001005: Database info:
	Database JDBC URL [Connecting through datasource 'HikariDataSource (HikariPool-1)']
	Database driver: undefined/unknown
	Database version: 15.17
	Autocommit mode: undefined/unknown
	Isolation level: undefined/unknown
	Minimum pool size: undefined/unknown
	Maximum pool size: undefined/unknown
2026-04-11 15:05:32 [main] INFO  o.h.e.t.j.p.i.JtaPlatformInitiator - HHH000489: No JTA platform available (set 'hibernate.transaction.jta.platform' to enable JTA platform integration)
2026-04-11 15:05:32 [main] INFO  o.s.o.j.LocalContainerEntityManagerFactoryBean - Initialized JPA EntityManagerFactory for persistence unit 'default'
2026-04-11 15:05:33 [main] INFO  o.s.d.j.r.query.QueryEnhancerFactory - Hibernate is in classpath; If applicable, HQL parser will be used.
2026-04-11 15:05:34 [main] WARN  o.s.b.a.o.j.JpaBaseConfiguration$JpaWebConfiguration - spring.jpa.open-in-view is enabled by default. Therefore, database queries may be performed during view rendering. Explicitly configure spring.jpa.open-in-view to disable this warning
2026-04-11 15:05:36 [main] INFO  o.a.coyote.http11.Http11NioProtocol - Starting ProtocolHandler ["http-nio-8081"]
2026-04-11 15:05:36 [main] INFO  o.s.b.w.e.tomcat.TomcatWebServer - Tomcat started on port 8081 (http) with context path '/'
2026-04-11 15:05:36 [main] INFO  c.m.p.ProductServiceApplication - Started ProductServiceApplication in 17.4 seconds (process running for 19.679)
2026-04-11 15:29:29 [http-nio-8081-exec-1] INFO  o.a.c.c.C.[Tomcat].[localhost].[/] - Initializing Spring DispatcherServlet 'dispatcherServlet'
2026-04-11 15:29:29 [http-nio-8081-exec-1] INFO  o.s.web.servlet.DispatcherServlet - Initializing Servlet 'dispatcherServlet'
2026-04-11 15:29:29 [http-nio-8081-exec-1] INFO  o.s.web.servlet.DispatcherServlet - Completed initialization in 6 ms
2026-04-11 15:29:56 [http-nio-8081-exec-5] INFO  c.m.p.controller.ProductController - 📥 [Feign] Décrémentation stock demandée pour produit ID: 4 (Quantité: 1)
2026-04-11 15:30:11 [http-nio-8081-exec-7] INFO  c.m.p.controller.ProductController - 📥 [Feign] Décrémentation stock demandée pour produit ID: 3 (Quantité: 1)
2026-04-11 15:31:25 [http-nio-8081-exec-5] INFO  c.m.p.controller.ProductController - 📥 [Feign] Décrémentation stock demandée pour produit ID: 3 (Quantité: 1)
2026-04-11 15:31:38 [http-nio-8081-exec-7] INFO  c.m.p.controller.ProductController - 📥 [Feign] Décrémentation stock demandée pour produit ID: 4 (Quantité: 1)
2026-04-11 15:39:25 [http-nio-8081-exec-5] INFO  c.m.p.controller.ProductController - 📥 [Feign] Décrémentation stock demandée pour produit ID: 3 (Quantité: 1)
2026-04-11 15:47:51 [http-nio-8081-exec-10] INFO  c.m.p.controller.ProductController - 📥 [Feign] Décrémentation stock demandée pour produit ID: 4 (Quantité: 1)
2026-04-11 15:48:08 [http-nio-8081-exec-3] INFO  c.m.p.controller.ProductController - 📥 [Feign] Décrémentation stock demandée pour produit ID: 4 (Quantité: 3)
2026-04-11 15:48:29 [http-nio-8081-exec-3] INFO  c.m.p.controller.ProductController - 📥 [Feign] Décrémentation stock demandée pour produit ID: 3 (Quantité: 2)
2026-04-11 15:48:29 [http-nio-8081-exec-2] INFO  c.m.p.controller.ProductController - 📥 [Feign] Décrémentation stock demandée pour produit ID: 4 (Quantité: 1)
2026-04-11 15:48:29 [http-nio-8081-exec-4] INFO  c.m.p.controller.ProductController - 📥 [Feign] Décrémentation stock demandée pour produit ID: 2 (Quantité: 1)
2026-04-11 15:54:18 [http-nio-8081-exec-2] INFO  c.m.p.controller.ProductController - 📥 [Feign] Décrémentation stock demandée pour produit ID: 3 (Quantité: 1)
2026-04-11 16:05:29 [HikariPool-1 housekeeper] WARN  com.zaxxer.hikari.pool.HikariPool - HikariPool-1 - Thread starvation or clock leap detected (housekeeper delta=3m29s357ms755µs900ns).
