2026-04-15 02:33:48 [HikariPool-1 housekeeper] WARN  com.zaxxer.hikari.pool.HikariPool - HikariPool-1 - Thread starvation or clock leap detected (housekeeper delta=5h3m32s229ms299µs600ns).
2026-04-15 02:49:11 [http-nio-8082-exec-9] WARN  o.h.e.jdbc.spi.SqlExceptionHelper - SQL Error: 0, SQLState: 23514
2026-04-15 02:49:11 [http-nio-8082-exec-9] ERROR o.h.e.jdbc.spi.SqlExceptionHelper - ERROR: new row for relation "t_orders" violates check constraint "t_orders_status_check"
  Detail: Failing row contains (1, 2026-04-11 15:29:57.06889, msall, 4, Porsche, 1, VALIDATED, 150000.00).
2026-04-15 02:50:13 [http-nio-8082-exec-5] WARN  o.h.e.jdbc.spi.SqlExceptionHelper - SQL Error: 0, SQLState: 23514
2026-04-15 02:50:13 [http-nio-8082-exec-5] ERROR o.h.e.jdbc.spi.SqlExceptionHelper - ERROR: new row for relation "t_orders" violates check constraint "t_orders_status_check"
  Detail: Failing row contains (11, 2026-04-11 15:54:18.303726, tyma, 3, Tele, 1, VALIDATED, 4000.00).
2026-04-15 02:50:37 [http-nio-8082-exec-4] WARN  o.h.e.jdbc.spi.SqlExceptionHelper - SQL Error: 0, SQLState: 23514
2026-04-15 02:50:37 [http-nio-8082-exec-4] ERROR o.h.e.jdbc.spi.SqlExceptionHelper - ERROR: new row for relation "t_orders" violates check constraint "t_orders_status_check"
  Detail: Failing row contains (11, 2026-04-11 15:54:18.303726, tyma, 3, Tele, 1, VALIDATED, 4000.00).
2026-04-15 02:58:06 [http-nio-8082-exec-10] WARN  o.h.e.jdbc.spi.SqlExceptionHelper - SQL Error: 0, SQLState: 23514
2026-04-15 02:58:06 [http-nio-8082-exec-10] ERROR o.h.e.jdbc.spi.SqlExceptionHelper - ERROR: new row for relation "t_orders" violates check constraint "t_orders_status_check"
  Detail: Failing row contains (1, 2026-04-11 15:29:57.06889, msall, 4, Porsche, 1, VALIDATED, 150000.00).
2026-04-15 03:12:36 [background-preinit] INFO  o.h.validator.internal.util.Version - HV000001: Hibernate Validator 8.0.2.Final
2026-04-15 03:12:36 [main] INFO  c.m.order.OrderServiceApplication - Starting OrderServiceApplication using Java 21.0.10 with PID 19356 (C:\Users\LENOVO\IdeaProjects\Microservices-Final\order-service\target\classes started by LENOVO in C:\Users\LENOVO\IdeaProjects\Microservices-Final\order-service)
2026-04-15 03:12:36 [main] INFO  c.m.order.OrderServiceApplication - No active profile set, falling back to 1 default profile: "default"
2026-04-15 03:12:43 [main] INFO  o.s.d.r.c.RepositoryConfigurationDelegate - Multiple Spring Data modules found, entering strict repository configuration mode
2026-04-15 03:12:43 [main] INFO  o.s.d.r.c.RepositoryConfigurationDelegate - Bootstrapping Spring Data JPA repositories in DEFAULT mode.
2026-04-15 03:12:45 [main] INFO  o.s.d.r.c.RepositoryConfigurationDelegate - Finished Spring Data repository scanning in 1481 ms. Found 1 JPA repository interface.
2026-04-15 03:12:45 [main] INFO  o.s.d.r.c.RepositoryConfigurationDelegate - Multiple Spring Data modules found, entering strict repository configuration mode
2026-04-15 03:12:45 [main] INFO  o.s.d.r.c.RepositoryConfigurationDelegate - Bootstrapping Spring Data Redis repositories in DEFAULT mode.
2026-04-15 03:12:45 [main] INFO  o.s.d.r.c.RepositoryConfigurationExtensionSupport - Spring Data Redis - Could not safely identify store assignment for repository candidate interface com.microservices.order.repository.OrderRepository; If you want this repository to be a Redis repository, consider annotating your entities with one of these annotations: org.springframework.data.redis.core.RedisHash (preferred), or consider extending one of the following types with your repository: org.springframework.data.keyvalue.repository.KeyValueRepository
2026-04-15 03:12:45 [main] INFO  o.s.d.r.c.RepositoryConfigurationDelegate - Finished Spring Data repository scanning in 112 ms. Found 0 Redis repository interfaces.
2026-04-15 03:12:47 [main] INFO  o.s.cloud.context.scope.GenericScope - BeanFactory id=dd01fb88-ae75-374d-9d8e-ce0fa398f90d
2026-04-15 03:12:51 [main] INFO  o.s.b.w.e.tomcat.TomcatWebServer - Tomcat initialized with port 8082 (http)
2026-04-15 03:12:51 [main] INFO  o.a.coyote.http11.Http11NioProtocol - Initializing ProtocolHandler ["http-nio-8082"]
2026-04-15 03:12:51 [main] INFO  o.a.catalina.core.StandardService - Starting service [Tomcat]
2026-04-15 03:12:51 [main] INFO  o.a.catalina.core.StandardEngine - Starting Servlet engine: [Apache Tomcat/10.1.34]
2026-04-15 03:12:52 [main] INFO  o.a.c.c.C.[Tomcat].[localhost].[/] - Initializing Spring embedded WebApplicationContext
2026-04-15 03:12:52 [main] INFO  o.s.b.w.s.c.ServletWebServerApplicationContext - Root WebApplicationContext: initialization completed in 15252 ms
2026-04-15 03:12:53 [main] INFO  o.h.jpa.internal.util.LogHelper - HHH000204: Processing PersistenceUnitInfo [name: default]
2026-04-15 03:12:53 [main] INFO  org.hibernate.Version - HHH000412: Hibernate ORM core version 6.6.4.Final
2026-04-15 03:12:54 [main] INFO  o.h.c.i.RegionFactoryInitiator - HHH000026: Second-level cache disabled
2026-04-15 03:12:56 [main] INFO  o.s.o.j.p.SpringPersistenceUnitInfo - No LoadTimeWeaver setup: ignoring JPA class transformer
2026-04-15 03:12:56 [main] INFO  com.zaxxer.hikari.HikariDataSource - HikariPool-1 - Starting...
2026-04-15 03:12:57 [main] INFO  com.zaxxer.hikari.pool.HikariPool - HikariPool-1 - Added connection org.postgresql.jdbc.PgConnection@69fd99c1
2026-04-15 03:12:57 [main] INFO  com.zaxxer.hikari.HikariDataSource - HikariPool-1 - Start completed.
2026-04-15 03:12:58 [main] INFO  o.hibernate.orm.connections.pooling - HHH10001005: Database info:
	Database JDBC URL [Connecting through datasource 'HikariDataSource (HikariPool-1)']
	Database driver: undefined/unknown
	Database version: 15.17
	Autocommit mode: undefined/unknown
	Isolation level: undefined/unknown
	Minimum pool size: undefined/unknown
	Maximum pool size: undefined/unknown
2026-04-15 03:13:03 [main] INFO  o.h.e.t.j.p.i.JtaPlatformInitiator - HHH000489: No JTA platform available (set 'hibernate.transaction.jta.platform' to enable JTA platform integration)
2026-04-15 03:13:04 [main] INFO  o.s.o.j.LocalContainerEntityManagerFactoryBean - Initialized JPA EntityManagerFactory for persistence unit 'default'
2026-04-15 03:13:06 [main] WARN  o.s.b.a.o.j.JpaBaseConfiguration$JpaWebConfiguration - spring.jpa.open-in-view is enabled by default. Therefore, database queries may be performed during view rendering. Explicitly configure spring.jpa.open-in-view to disable this warning
2026-04-15 03:13:11 [main] INFO  o.s.cloud.commons.util.InetUtils - Cannot determine local hostname
2026-04-15 03:13:12 [main] INFO  o.a.k.c.admin.AdminClientConfig - AdminClientConfig values: 
	auto.include.jmx.reporter = true
	bootstrap.controllers = []
	bootstrap.servers = [localhost:29092]
	client.dns.lookup = use_all_dns_ips
	client.id = order-service-admin-0
	connections.max.idle.ms = 300000
	default.api.timeout.ms = 60000
	enable.metrics.push = true
	metadata.max.age.ms = 300000
	metadata.recovery.strategy = none
	metric.reporters = []
	metrics.num.samples = 2
	metrics.recording.level = INFO
	metrics.sample.window.ms = 30000
	receive.buffer.bytes = 65536
	reconnect.backoff.max.ms = 1000
	reconnect.backoff.ms = 50
	request.timeout.ms = 30000
	retries = 2147483647
	retry.backoff.max.ms = 1000
	retry.backoff.ms = 100
	sasl.client.callback.handler.class = null
	sasl.jaas.config = null
	sasl.kerberos.kinit.cmd = /usr/bin/kinit
	sasl.kerberos.min.time.before.relogin = 60000
	sasl.kerberos.service.name = null
	sasl.kerberos.ticket.renew.jitter = 0.05
	sasl.kerberos.ticket.renew.window.factor = 0.8
	sasl.login.callback.handler.class = null
	sasl.login.class = null
	sasl.login.connect.timeout.ms = null
	sasl.login.read.timeout.ms = null
	sasl.login.refresh.buffer.seconds = 300
	sasl.login.refresh.min.period.seconds = 60
	sasl.login.refresh.window.factor = 0.8
	sasl.login.refresh.window.jitter = 0.05
	sasl.login.retry.backoff.max.ms = 10000
	sasl.login.retry.backoff.ms = 100
	sasl.mechanism = GSSAPI
	sasl.oauthbearer.clock.skew.seconds = 30
	sasl.oauthbearer.expected.audience = null
	sasl.oauthbearer.expected.issuer = null
	sasl.oauthbearer.jwks.endpoint.refresh.ms = 3600000
	sasl.oauthbearer.jwks.endpoint.retry.backoff.max.ms = 10000
	sasl.oauthbearer.jwks.endpoint.retry.backoff.ms = 100
	sasl.oauthbearer.jwks.endpoint.url = null
	sasl.oauthbearer.scope.claim.name = scope
	sasl.oauthbearer.sub.claim.name = sub
	sasl.oauthbearer.token.endpoint.url = null
	security.protocol = PLAINTEXT
	security.providers = null
	send.buffer.bytes = 131072
	socket.connection.setup.timeout.max.ms = 30000
	socket.connection.setup.timeout.ms = 10000
	ssl.cipher.suites = null
	ssl.enabled.protocols = [TLSv1.2, TLSv1.3]
	ssl.endpoint.identification.algorithm = https
	ssl.engine.factory.class = null
	ssl.key.password = null
	ssl.keymanager.algorithm = SunX509
	ssl.keystore.certificate.chain = null
	ssl.keystore.key = null
	ssl.keystore.location = null
	ssl.keystore.password = null
	ssl.keystore.type = JKS
	ssl.protocol = TLSv1.3
	ssl.provider = null
	ssl.secure.random.implementation = null
	ssl.trustmanager.algorithm = PKIX
	ssl.truststore.certificates = null
	ssl.truststore.location = null
	ssl.truststore.password = null
	ssl.truststore.type = JKS

2026-04-15 03:13:12 [main] INFO  o.a.kafka.common.utils.AppInfoParser - Kafka version: 3.8.1
2026-04-15 03:13:12 [main] INFO  o.a.kafka.common.utils.AppInfoParser - Kafka commitId: 70d6ff42debf7e17
2026-04-15 03:13:12 [main] INFO  o.a.kafka.common.utils.AppInfoParser - Kafka startTimeMs: 1776222792472
2026-04-15 03:13:14 [kafka-admin-client-thread | order-service-admin-0] WARN  o.a.k.clients.admin.KafkaAdminClient - [AdminClient clientId=order-service-admin-0] The DescribeTopicPartitions API is not supported, using Metadata API to describe topics.
2026-04-15 03:13:14 [kafka-admin-client-thread | order-service-admin-0] INFO  o.a.kafka.common.utils.AppInfoParser - App info kafka.admin.client for order-service-admin-0 unregistered
2026-04-15 03:13:14 [kafka-admin-client-thread | order-service-admin-0] INFO  o.a.kafka.common.metrics.Metrics - Metrics scheduler closed
2026-04-15 03:13:14 [kafka-admin-client-thread | order-service-admin-0] INFO  o.a.kafka.common.metrics.Metrics - Closing reporter org.apache.kafka.common.metrics.JmxReporter
2026-04-15 03:13:14 [kafka-admin-client-thread | order-service-admin-0] INFO  o.a.kafka.common.metrics.Metrics - Metrics reporters closed
2026-04-15 03:13:14 [main] INFO  o.a.coyote.http11.Http11NioProtocol - Starting ProtocolHandler ["http-nio-8082"]
2026-04-15 03:13:14 [main] INFO  o.s.b.w.e.tomcat.TomcatWebServer - Tomcat started on port 8082 (http) with context path '/'
2026-04-15 03:13:15 [main] INFO  o.s.cloud.commons.util.InetUtils - Cannot determine local hostname
2026-04-15 03:13:15 [main] INFO  c.m.order.OrderServiceApplication - Started OrderServiceApplication in 45.252 seconds (process running for 49.155)
2026-04-15 03:15:24 [http-nio-8082-exec-2] INFO  o.a.c.c.C.[Tomcat].[localhost].[/] - Initializing Spring DispatcherServlet 'dispatcherServlet'
2026-04-15 03:15:24 [http-nio-8082-exec-2] INFO  o.s.web.servlet.DispatcherServlet - Initializing Servlet 'dispatcherServlet'
2026-04-15 03:15:24 [http-nio-8082-exec-2] INFO  o.s.web.servlet.DispatcherServlet - Completed initialization in 3 ms
2026-04-15 03:15:31 [http-nio-8082-exec-8] WARN  o.h.e.jdbc.spi.SqlExceptionHelper - SQL Error: 0, SQLState: 23514
2026-04-15 03:15:31 [http-nio-8082-exec-8] ERROR o.h.e.jdbc.spi.SqlExceptionHelper - ERROR: new row for relation "t_orders" violates check constraint "t_orders_status_check"
  Detail: Failing row contains (1, 2026-04-11 15:29:57.06889, msall, 4, Porsche, 1, VALIDATED, 150000.00).
2026-04-15 03:15:48 [http-nio-8082-exec-1] WARN  o.h.e.jdbc.spi.SqlExceptionHelper - SQL Error: 0, SQLState: 23514
2026-04-15 03:15:48 [http-nio-8082-exec-1] ERROR o.h.e.jdbc.spi.SqlExceptionHelper - ERROR: new row for relation "t_orders" violates check constraint "t_orders_status_check"
  Detail: Failing row contains (1, 2026-04-11 15:29:57.06889, msall, 4, Porsche, 1, VALIDATED, 150000.00).
2026-04-15 03:26:34 [background-preinit] INFO  o.h.validator.internal.util.Version - HV000001: Hibernate Validator 8.0.2.Final
2026-04-15 03:26:35 [main] INFO  c.m.order.OrderServiceApplication - Starting OrderServiceApplication using Java 21.0.10 with PID 1688 (C:\Users\LENOVO\IdeaProjects\Microservices-Final\order-service\target\classes started by LENOVO in C:\Users\LENOVO\IdeaProjects\Microservices-Final\order-service)
2026-04-15 03:26:35 [main] INFO  c.m.order.OrderServiceApplication - No active profile set, falling back to 1 default profile: "default"
2026-04-15 03:26:40 [main] INFO  o.s.d.r.c.RepositoryConfigurationDelegate - Multiple Spring Data modules found, entering strict repository configuration mode
2026-04-15 03:26:40 [main] INFO  o.s.d.r.c.RepositoryConfigurationDelegate - Bootstrapping Spring Data JPA repositories in DEFAULT mode.
2026-04-15 03:26:41 [main] INFO  o.s.d.r.c.RepositoryConfigurationDelegate - Finished Spring Data repository scanning in 957 ms. Found 1 JPA repository interface.
2026-04-15 03:26:41 [main] INFO  o.s.d.r.c.RepositoryConfigurationDelegate - Multiple Spring Data modules found, entering strict repository configuration mode
2026-04-15 03:26:41 [main] INFO  o.s.d.r.c.RepositoryConfigurationDelegate - Bootstrapping Spring Data Redis repositories in DEFAULT mode.
2026-04-15 03:26:41 [main] INFO  o.s.d.r.c.RepositoryConfigurationExtensionSupport - Spring Data Redis - Could not safely identify store assignment for repository candidate interface com.microservices.order.repository.OrderRepository; If you want this repository to be a Redis repository, consider annotating your entities with one of these annotations: org.springframework.data.redis.core.RedisHash (preferred), or consider extending one of the following types with your repository: org.springframework.data.keyvalue.repository.KeyValueRepository
2026-04-15 03:26:41 [main] INFO  o.s.d.r.c.RepositoryConfigurationDelegate - Finished Spring Data repository scanning in 57 ms. Found 0 Redis repository interfaces.
2026-04-15 03:26:43 [main] INFO  o.s.cloud.context.scope.GenericScope - BeanFactory id=dd01fb88-ae75-374d-9d8e-ce0fa398f90d
2026-04-15 03:26:45 [main] INFO  o.s.b.w.e.tomcat.TomcatWebServer - Tomcat initialized with port 8082 (http)
2026-04-15 03:26:45 [main] INFO  o.a.coyote.http11.Http11NioProtocol - Initializing ProtocolHandler ["http-nio-8082"]
2026-04-15 03:26:45 [main] INFO  o.a.catalina.core.StandardService - Starting service [Tomcat]
2026-04-15 03:26:45 [main] INFO  o.a.catalina.core.StandardEngine - Starting Servlet engine: [Apache Tomcat/10.1.34]
2026-04-15 03:26:46 [main] INFO  o.a.c.c.C.[Tomcat].[localhost].[/] - Initializing Spring embedded WebApplicationContext
2026-04-15 03:26:46 [main] INFO  o.s.b.w.s.c.ServletWebServerApplicationContext - Root WebApplicationContext: initialization completed in 10741 ms
2026-04-15 03:26:48 [main] INFO  o.h.jpa.internal.util.LogHelper - HHH000204: Processing PersistenceUnitInfo [name: default]
2026-04-15 03:26:49 [main] INFO  org.hibernate.Version - HHH000412: Hibernate ORM core version 6.6.4.Final
2026-04-15 03:26:49 [main] INFO  o.h.c.i.RegionFactoryInitiator - HHH000026: Second-level cache disabled
2026-04-15 03:26:51 [main] INFO  o.s.o.j.p.SpringPersistenceUnitInfo - No LoadTimeWeaver setup: ignoring JPA class transformer
2026-04-15 03:26:51 [main] INFO  com.zaxxer.hikari.HikariDataSource - HikariPool-1 - Starting...
2026-04-15 03:26:53 [main] INFO  com.zaxxer.hikari.pool.HikariPool - HikariPool-1 - Added connection org.postgresql.jdbc.PgConnection@6cd7dc74
2026-04-15 03:26:53 [main] INFO  com.zaxxer.hikari.HikariDataSource - HikariPool-1 - Start completed.
2026-04-15 03:26:54 [main] INFO  o.hibernate.orm.connections.pooling - HHH10001005: Database info:
	Database JDBC URL [Connecting through datasource 'HikariDataSource (HikariPool-1)']
	Database driver: undefined/unknown
	Database version: 15.17
	Autocommit mode: undefined/unknown
	Isolation level: undefined/unknown
	Minimum pool size: undefined/unknown
	Maximum pool size: undefined/unknown
2026-04-15 03:26:59 [main] INFO  o.h.e.t.j.p.i.JtaPlatformInitiator - HHH000489: No JTA platform available (set 'hibernate.transaction.jta.platform' to enable JTA platform integration)
2026-04-15 03:26:59 [main] INFO  o.s.o.j.LocalContainerEntityManagerFactoryBean - Initialized JPA EntityManagerFactory for persistence unit 'default'
2026-04-15 03:27:01 [main] WARN  o.s.b.a.o.j.JpaBaseConfiguration$JpaWebConfiguration - spring.jpa.open-in-view is enabled by default. Therefore, database queries may be performed during view rendering. Explicitly configure spring.jpa.open-in-view to disable this warning
2026-04-15 03:27:07 [main] INFO  o.s.cloud.commons.util.InetUtils - Cannot determine local hostname
2026-04-15 03:27:07 [main] INFO  o.a.k.c.admin.AdminClientConfig - AdminClientConfig values: 
	auto.include.jmx.reporter = true
	bootstrap.controllers = []
	bootstrap.servers = [localhost:29092]
	client.dns.lookup = use_all_dns_ips
	client.id = order-service-admin-0
	connections.max.idle.ms = 300000
	default.api.timeout.ms = 60000
	enable.metrics.push = true
	metadata.max.age.ms = 300000
	metadata.recovery.strategy = none
	metric.reporters = []
	metrics.num.samples = 2
	metrics.recording.level = INFO
	metrics.sample.window.ms = 30000
	receive.buffer.bytes = 65536
	reconnect.backoff.max.ms = 1000
	reconnect.backoff.ms = 50
	request.timeout.ms = 30000
	retries = 2147483647
	retry.backoff.max.ms = 1000
	retry.backoff.ms = 100
	sasl.client.callback.handler.class = null
	sasl.jaas.config = null
	sasl.kerberos.kinit.cmd = /usr/bin/kinit
	sasl.kerberos.min.time.before.relogin = 60000
	sasl.kerberos.service.name = null
	sasl.kerberos.ticket.renew.jitter = 0.05
	sasl.kerberos.ticket.renew.window.factor = 0.8
	sasl.login.callback.handler.class = null
	sasl.login.class = null
	sasl.login.connect.timeout.ms = null
	sasl.login.read.timeout.ms = null
	sasl.login.refresh.buffer.seconds = 300
	sasl.login.refresh.min.period.seconds = 60
	sasl.login.refresh.window.factor = 0.8
	sasl.login.refresh.window.jitter = 0.05
	sasl.login.retry.backoff.max.ms = 10000
	sasl.login.retry.backoff.ms = 100
	sasl.mechanism = GSSAPI
	sasl.oauthbearer.clock.skew.seconds = 30
	sasl.oauthbearer.expected.audience = null
	sasl.oauthbearer.expected.issuer = null
	sasl.oauthbearer.jwks.endpoint.refresh.ms = 3600000
	sasl.oauthbearer.jwks.endpoint.retry.backoff.max.ms = 10000
	sasl.oauthbearer.jwks.endpoint.retry.backoff.ms = 100
	sasl.oauthbearer.jwks.endpoint.url = null
	sasl.oauthbearer.scope.claim.name = scope
	sasl.oauthbearer.sub.claim.name = sub
	sasl.oauthbearer.token.endpoint.url = null
	security.protocol = PLAINTEXT
	security.providers = null
	send.buffer.bytes = 131072
	socket.connection.setup.timeout.max.ms = 30000
	socket.connection.setup.timeout.ms = 10000
	ssl.cipher.suites = null
	ssl.enabled.protocols = [TLSv1.2, TLSv1.3]
	ssl.endpoint.identification.algorithm = https
	ssl.engine.factory.class = null
	ssl.key.password = null
	ssl.keymanager.algorithm = SunX509
	ssl.keystore.certificate.chain = null
	ssl.keystore.key = null
	ssl.keystore.location = null
	ssl.keystore.password = null
	ssl.keystore.type = JKS
	ssl.protocol = TLSv1.3
	ssl.provider = null
	ssl.secure.random.implementation = null
	ssl.trustmanager.algorithm = PKIX
	ssl.truststore.certificates = null
	ssl.truststore.location = null
	ssl.truststore.password = null
	ssl.truststore.type = JKS

2026-04-15 03:27:07 [main] INFO  o.a.kafka.common.utils.AppInfoParser - Kafka version: 3.8.1
2026-04-15 03:27:07 [main] INFO  o.a.kafka.common.utils.AppInfoParser - Kafka commitId: 70d6ff42debf7e17
2026-04-15 03:27:07 [main] INFO  o.a.kafka.common.utils.AppInfoParser - Kafka startTimeMs: 1776223627525
2026-04-15 03:27:08 [kafka-admin-client-thread | order-service-admin-0] WARN  o.a.k.clients.admin.KafkaAdminClient - [AdminClient clientId=order-service-admin-0] The DescribeTopicPartitions API is not supported, using Metadata API to describe topics.
2026-04-15 03:27:08 [kafka-admin-client-thread | order-service-admin-0] INFO  o.a.kafka.common.utils.AppInfoParser - App info kafka.admin.client for order-service-admin-0 unregistered
2026-04-15 03:27:08 [kafka-admin-client-thread | order-service-admin-0] INFO  o.a.kafka.common.metrics.Metrics - Metrics scheduler closed
2026-04-15 03:27:08 [kafka-admin-client-thread | order-service-admin-0] INFO  o.a.kafka.common.metrics.Metrics - Closing reporter org.apache.kafka.common.metrics.JmxReporter
2026-04-15 03:27:08 [kafka-admin-client-thread | order-service-admin-0] INFO  o.a.kafka.common.metrics.Metrics - Metrics reporters closed
2026-04-15 03:27:08 [main] INFO  o.a.coyote.http11.Http11NioProtocol - Starting ProtocolHandler ["http-nio-8082"]
2026-04-15 03:27:08 [main] INFO  o.s.b.w.e.tomcat.TomcatWebServer - Tomcat started on port 8082 (http) with context path '/'
2026-04-15 03:27:09 [main] INFO  o.s.cloud.commons.util.InetUtils - Cannot determine local hostname
2026-04-15 03:27:09 [main] INFO  c.m.order.OrderServiceApplication - Started OrderServiceApplication in 38.283 seconds (process running for 40.875)
2026-04-15 03:28:38 [http-nio-8082-exec-3] INFO  o.a.c.c.C.[Tomcat].[localhost].[/] - Initializing Spring DispatcherServlet 'dispatcherServlet'
2026-04-15 03:28:38 [http-nio-8082-exec-3] INFO  o.s.web.servlet.DispatcherServlet - Initializing Servlet 'dispatcherServlet'
2026-04-15 03:28:38 [http-nio-8082-exec-3] INFO  o.s.web.servlet.DispatcherServlet - Completed initialization in 5 ms
2026-04-15 03:28:51 [http-nio-8082-exec-9] WARN  o.h.e.jdbc.spi.SqlExceptionHelper - SQL Error: 0, SQLState: 23514
2026-04-15 03:28:51 [http-nio-8082-exec-9] ERROR o.h.e.jdbc.spi.SqlExceptionHelper - ERROR: new row for relation "t_orders" violates check constraint "t_orders_status_check"
  Detail: Failing row contains (1, 2026-04-11 15:29:57.06889, msall, 4, Porsche, 1, VALIDATED, 150000.00).
2026-04-15 03:29:45 [http-nio-8082-exec-10] WARN  o.h.e.jdbc.spi.SqlExceptionHelper - SQL Error: 0, SQLState: 23514
2026-04-15 03:29:45 [http-nio-8082-exec-10] ERROR o.h.e.jdbc.spi.SqlExceptionHelper - ERROR: new row for relation "t_orders" violates check constraint "t_orders_status_check"
  Detail: Failing row contains (12, 2026-04-15 03:29:12.092725, tyma@gmail.com, 4, Porsche, 1, VALIDATED, 150000.00).
2026-04-15 03:35:08 [http-nio-8082-exec-2] WARN  o.h.e.jdbc.spi.SqlExceptionHelper - SQL Error: 0, SQLState: 23514
2026-04-15 03:35:08 [http-nio-8082-exec-2] ERROR o.h.e.jdbc.spi.SqlExceptionHelper - ERROR: new row for relation "t_orders" violates check constraint "t_orders_status_check"
  Detail: Failing row contains (14, 2026-04-15 03:30:44.200815, tyma@gmail.com, 3, Tele, 1, VALIDATED, 4000.00).
2026-04-15 03:35:12 [http-nio-8082-exec-4] WARN  o.h.e.jdbc.spi.SqlExceptionHelper - SQL Error: 0, SQLState: 23514
2026-04-15 03:35:12 [http-nio-8082-exec-4] ERROR o.h.e.jdbc.spi.SqlExceptionHelper - ERROR: new row for relation "t_orders" violates check constraint "t_orders_status_check"
  Detail: Failing row contains (16, 2026-04-15 03:31:44.603073, tyma@gmail.com, 2, Laptop, 1, VALIDATED, 1500.00).
2026-04-15 03:35:15 [http-nio-8082-exec-1] WARN  o.h.e.jdbc.spi.SqlExceptionHelper - SQL Error: 0, SQLState: 23514
2026-04-15 03:35:15 [http-nio-8082-exec-1] ERROR o.h.e.jdbc.spi.SqlExceptionHelper - ERROR: new row for relation "t_orders" violates check constraint "t_orders_status_check"
  Detail: Failing row contains (17, 2026-04-15 03:31:59.718143, tyma@gmail.com, 3, Tele, 3, VALIDATED, 12000.00).
2026-04-15 04:10:54 [HikariPool-1 housekeeper] WARN  com.zaxxer.hikari.pool.HikariPool - HikariPool-1 - Thread starvation or clock leap detected (housekeeper delta=17m30s120ms925µs700ns).
2026-04-15 04:13:44 [http-nio-8082-exec-8] WARN  o.h.e.jdbc.spi.SqlExceptionHelper - SQL Error: 0, SQLState: 23514
2026-04-15 04:13:44 [http-nio-8082-exec-8] ERROR o.h.e.jdbc.spi.SqlExceptionHelper - ERROR: new row for relation "t_orders" violates check constraint "t_orders_status_check"
  Detail: Failing row contains (1, 2026-04-11 15:29:57.06889, msall, 4, Porsche, 1, VALIDATED, 150000.00).
2026-04-15 04:14:10 [http-nio-8082-exec-6] WARN  o.h.e.jdbc.spi.SqlExceptionHelper - SQL Error: 0, SQLState: 23514
2026-04-15 04:14:10 [http-nio-8082-exec-6] ERROR o.h.e.jdbc.spi.SqlExceptionHelper - ERROR: new row for relation "t_orders" violates check constraint "t_orders_status_check"
  Detail: Failing row contains (17, 2026-04-15 03:31:59.718143, tyma@gmail.com, 3, Tele, 3, VALIDATED, 12000.00).
2026-04-15 04:19:13 [http-nio-8082-exec-7] WARN  o.h.e.jdbc.spi.SqlExceptionHelper - SQL Error: 0, SQLState: 23514
2026-04-15 04:19:13 [http-nio-8082-exec-7] ERROR o.h.e.jdbc.spi.SqlExceptionHelper - ERROR: new row for relation "t_orders" violates check constraint "t_orders_status_check"
  Detail: Failing row contains (1, 2026-04-11 15:29:57.06889, msall, 4, Porsche, 1, VALIDATED, 150000.00).
2026-04-15 04:21:37 [http-nio-8082-exec-8] WARN  o.h.e.jdbc.spi.SqlExceptionHelper - SQL Error: 0, SQLState: 23514
2026-04-15 04:21:37 [http-nio-8082-exec-8] ERROR o.h.e.jdbc.spi.SqlExceptionHelper - ERROR: new row for relation "t_orders" violates check constraint "t_orders_status_check"
  Detail: Failing row contains (5, 2026-04-11 15:39:25.104774, msall, 3, Tele, 1, VALIDATED, 4000.00).
2026-04-15 04:24:26 [http-nio-8082-exec-4] WARN  o.h.e.jdbc.spi.SqlExceptionHelper - SQL Error: 0, SQLState: 23514
2026-04-15 04:24:26 [http-nio-8082-exec-4] ERROR o.h.e.jdbc.spi.SqlExceptionHelper - ERROR: new row for relation "t_orders" violates check constraint "t_orders_status_check"
  Detail: Failing row contains (2, 2026-04-11 15:30:11.596556, msall, 3, Tele, 1, VALIDATED, 4000.00).
2026-04-15 04:39:47 [main] INFO  c.m.order.OrderServiceApplication - Starting OrderServiceApplication using Java 21.0.10 with PID 9628 (C:\Users\LENOVO\IdeaProjects\Microservices-Final\order-service\target\classes started by LENOVO in C:\Users\LENOVO\IdeaProjects\Microservices-Final\order-service)
2026-04-15 04:39:47 [main] INFO  c.m.order.OrderServiceApplication - No active profile set, falling back to 1 default profile: "default"
2026-04-15 04:39:47 [background-preinit] INFO  o.h.validator.internal.util.Version - HV000001: Hibernate Validator 8.0.2.Final
2026-04-15 04:39:54 [main] INFO  o.s.d.r.c.RepositoryConfigurationDelegate - Multiple Spring Data modules found, entering strict repository configuration mode
2026-04-15 04:39:54 [main] INFO  o.s.d.r.c.RepositoryConfigurationDelegate - Bootstrapping Spring Data JPA repositories in DEFAULT mode.
2026-04-15 04:39:57 [main] INFO  o.s.d.r.c.RepositoryConfigurationDelegate - Finished Spring Data repository scanning in 2909 ms. Found 1 JPA repository interface.
2026-04-15 04:39:58 [main] INFO  o.s.d.r.c.RepositoryConfigurationDelegate - Multiple Spring Data modules found, entering strict repository configuration mode
2026-04-15 04:39:58 [main] INFO  o.s.d.r.c.RepositoryConfigurationDelegate - Bootstrapping Spring Data Redis repositories in DEFAULT mode.
2026-04-15 04:39:58 [main] INFO  o.s.d.r.c.RepositoryConfigurationExtensionSupport - Spring Data Redis - Could not safely identify store assignment for repository candidate interface com.microservices.order.repository.OrderRepository; If you want this repository to be a Redis repository, consider annotating your entities with one of these annotations: org.springframework.data.redis.core.RedisHash (preferred), or consider extending one of the following types with your repository: org.springframework.data.keyvalue.repository.KeyValueRepository
2026-04-15 04:39:58 [main] INFO  o.s.d.r.c.RepositoryConfigurationDelegate - Finished Spring Data repository scanning in 42 ms. Found 0 Redis repository interfaces.
2026-04-15 04:40:00 [main] INFO  o.s.cloud.context.scope.GenericScope - BeanFactory id=dd01fb88-ae75-374d-9d8e-ce0fa398f90d
2026-04-15 04:40:03 [main] INFO  o.s.b.w.e.tomcat.TomcatWebServer - Tomcat initialized with port 8082 (http)
2026-04-15 04:40:03 [main] INFO  o.a.coyote.http11.Http11NioProtocol - Initializing ProtocolHandler ["http-nio-8082"]
2026-04-15 04:40:03 [main] INFO  o.a.catalina.core.StandardService - Starting service [Tomcat]
2026-04-15 04:40:03 [main] INFO  o.a.catalina.core.StandardEngine - Starting Servlet engine: [Apache Tomcat/10.1.34]
2026-04-15 04:40:04 [main] INFO  o.a.c.c.C.[Tomcat].[localhost].[/] - Initializing Spring embedded WebApplicationContext
2026-04-15 04:40:04 [main] INFO  o.s.b.w.s.c.ServletWebServerApplicationContext - Root WebApplicationContext: initialization completed in 16158 ms
2026-04-15 04:40:05 [main] INFO  o.h.jpa.internal.util.LogHelper - HHH000204: Processing PersistenceUnitInfo [name: default]
2026-04-15 04:40:05 [main] INFO  org.hibernate.Version - HHH000412: Hibernate ORM core version 6.6.4.Final
2026-04-15 04:40:06 [main] INFO  o.h.c.i.RegionFactoryInitiator - HHH000026: Second-level cache disabled
2026-04-15 04:40:08 [main] INFO  o.s.o.j.p.SpringPersistenceUnitInfo - No LoadTimeWeaver setup: ignoring JPA class transformer
2026-04-15 04:40:08 [main] INFO  com.zaxxer.hikari.HikariDataSource - HikariPool-1 - Starting...
2026-04-15 04:40:09 [main] INFO  com.zaxxer.hikari.pool.HikariPool - HikariPool-1 - Added connection org.postgresql.jdbc.PgConnection@37c5b8e8
2026-04-15 04:40:09 [main] INFO  com.zaxxer.hikari.HikariDataSource - HikariPool-1 - Start completed.
2026-04-15 04:40:09 [main] INFO  o.hibernate.orm.connections.pooling - HHH10001005: Database info:
	Database JDBC URL [Connecting through datasource 'HikariDataSource (HikariPool-1)']
	Database driver: undefined/unknown
	Database version: 15.17
	Autocommit mode: undefined/unknown
	Isolation level: undefined/unknown
	Minimum pool size: undefined/unknown
	Maximum pool size: undefined/unknown
2026-04-15 04:40:16 [main] INFO  o.h.e.t.j.p.i.JtaPlatformInitiator - HHH000489: No JTA platform available (set 'hibernate.transaction.jta.platform' to enable JTA platform integration)
2026-04-15 04:40:17 [main] INFO  o.s.o.j.LocalContainerEntityManagerFactoryBean - Initialized JPA EntityManagerFactory for persistence unit 'default'
2026-04-15 04:40:20 [main] WARN  o.s.b.a.o.j.JpaBaseConfiguration$JpaWebConfiguration - spring.jpa.open-in-view is enabled by default. Therefore, database queries may be performed during view rendering. Explicitly configure spring.jpa.open-in-view to disable this warning
2026-04-15 04:40:26 [main] INFO  o.s.cloud.commons.util.InetUtils - Cannot determine local hostname
2026-04-15 04:40:27 [main] INFO  o.a.k.c.admin.AdminClientConfig - AdminClientConfig values: 
	auto.include.jmx.reporter = true
	bootstrap.controllers = []
	bootstrap.servers = [localhost:29092]
	client.dns.lookup = use_all_dns_ips
	client.id = order-service-admin-0
	connections.max.idle.ms = 300000
	default.api.timeout.ms = 60000
	enable.metrics.push = true
	metadata.max.age.ms = 300000
	metadata.recovery.strategy = none
	metric.reporters = []
	metrics.num.samples = 2
	metrics.recording.level = INFO
	metrics.sample.window.ms = 30000
	receive.buffer.bytes = 65536
	reconnect.backoff.max.ms = 1000
	reconnect.backoff.ms = 50
	request.timeout.ms = 30000
	retries = 2147483647
	retry.backoff.max.ms = 1000
	retry.backoff.ms = 100
	sasl.client.callback.handler.class = null
	sasl.jaas.config = null
	sasl.kerberos.kinit.cmd = /usr/bin/kinit
	sasl.kerberos.min.time.before.relogin = 60000
	sasl.kerberos.service.name = null
	sasl.kerberos.ticket.renew.jitter = 0.05
	sasl.kerberos.ticket.renew.window.factor = 0.8
	sasl.login.callback.handler.class = null
	sasl.login.class = null
	sasl.login.connect.timeout.ms = null
	sasl.login.read.timeout.ms = null
	sasl.login.refresh.buffer.seconds = 300
	sasl.login.refresh.min.period.seconds = 60
	sasl.login.refresh.window.factor = 0.8
	sasl.login.refresh.window.jitter = 0.05
	sasl.login.retry.backoff.max.ms = 10000
	sasl.login.retry.backoff.ms = 100
	sasl.mechanism = GSSAPI
	sasl.oauthbearer.clock.skew.seconds = 30
	sasl.oauthbearer.expected.audience = null
	sasl.oauthbearer.expected.issuer = null
	sasl.oauthbearer.jwks.endpoint.refresh.ms = 3600000
	sasl.oauthbearer.jwks.endpoint.retry.backoff.max.ms = 10000
	sasl.oauthbearer.jwks.endpoint.retry.backoff.ms = 100
	sasl.oauthbearer.jwks.endpoint.url = null
	sasl.oauthbearer.scope.claim.name = scope
	sasl.oauthbearer.sub.claim.name = sub
	sasl.oauthbearer.token.endpoint.url = null
	security.protocol = PLAINTEXT
	security.providers = null
	send.buffer.bytes = 131072
	socket.connection.setup.timeout.max.ms = 30000
	socket.connection.setup.timeout.ms = 10000
	ssl.cipher.suites = null
	ssl.enabled.protocols = [TLSv1.2, TLSv1.3]
	ssl.endpoint.identification.algorithm = https
	ssl.engine.factory.class = null
	ssl.key.password = null
	ssl.keymanager.algorithm = SunX509
	ssl.keystore.certificate.chain = null
	ssl.keystore.key = null
	ssl.keystore.location = null
	ssl.keystore.password = null
	ssl.keystore.type = JKS
	ssl.protocol = TLSv1.3
	ssl.provider = null
	ssl.secure.random.implementation = null
	ssl.trustmanager.algorithm = PKIX
	ssl.truststore.certificates = null
	ssl.truststore.location = null
	ssl.truststore.password = null
	ssl.truststore.type = JKS

2026-04-15 04:40:27 [main] INFO  o.a.kafka.common.utils.AppInfoParser - Kafka version: 3.8.1
2026-04-15 04:40:27 [main] INFO  o.a.kafka.common.utils.AppInfoParser - Kafka commitId: 70d6ff42debf7e17
2026-04-15 04:40:28 [main] INFO  o.a.kafka.common.utils.AppInfoParser - Kafka startTimeMs: 1776228027890
2026-04-15 04:40:30 [kafka-admin-client-thread | order-service-admin-0] WARN  o.a.k.clients.admin.KafkaAdminClient - [AdminClient clientId=order-service-admin-0] The DescribeTopicPartitions API is not supported, using Metadata API to describe topics.
2026-04-15 04:40:30 [kafka-admin-client-thread | order-service-admin-0] INFO  o.a.kafka.common.utils.AppInfoParser - App info kafka.admin.client for order-service-admin-0 unregistered
2026-04-15 04:40:30 [kafka-admin-client-thread | order-service-admin-0] INFO  o.a.kafka.common.metrics.Metrics - Metrics scheduler closed
2026-04-15 04:40:30 [kafka-admin-client-thread | order-service-admin-0] INFO  o.a.kafka.common.metrics.Metrics - Closing reporter org.apache.kafka.common.metrics.JmxReporter
2026-04-15 04:40:30 [kafka-admin-client-thread | order-service-admin-0] INFO  o.a.kafka.common.metrics.Metrics - Metrics reporters closed
2026-04-15 04:40:30 [main] INFO  o.a.coyote.http11.Http11NioProtocol - Starting ProtocolHandler ["http-nio-8082"]
2026-04-15 04:40:30 [main] INFO  o.s.b.w.e.tomcat.TomcatWebServer - Tomcat started on port 8082 (http) with context path '/'
2026-04-15 04:40:31 [main] INFO  o.s.cloud.commons.util.InetUtils - Cannot determine local hostname
2026-04-15 04:40:31 [main] INFO  c.m.order.OrderServiceApplication - Started OrderServiceApplication in 47.881 seconds (process running for 50.525)
2026-04-15 04:40:45 [http-nio-8082-exec-4] INFO  o.a.c.c.C.[Tomcat].[localhost].[/] - Initializing Spring DispatcherServlet 'dispatcherServlet'
2026-04-15 04:40:45 [http-nio-8082-exec-4] INFO  o.s.web.servlet.DispatcherServlet - Initializing Servlet 'dispatcherServlet'
2026-04-15 04:40:45 [http-nio-8082-exec-4] INFO  o.s.web.servlet.DispatcherServlet - Completed initialization in 2 ms
2026-04-15 18:30:20 [background-preinit] INFO  o.h.validator.internal.util.Version - HV000001: Hibernate Validator 8.0.2.Final
2026-04-15 18:30:20 [main] INFO  c.m.order.OrderServiceApplication - Starting OrderServiceApplication using Java 17.0.12 with PID 24244 (C:\Users\HP\IdeaProjects\Microservices-Final\order-service\target\classes started by HP in C:\Users\HP\IdeaProjects\Microservices-Final\order-service)
2026-04-15 18:30:20 [main] INFO  c.m.order.OrderServiceApplication - No active profile set, falling back to 1 default profile: "default"
2026-04-15 18:30:22 [main] INFO  o.s.d.r.c.RepositoryConfigurationDelegate - Multiple Spring Data modules found, entering strict repository configuration mode
2026-04-15 18:30:22 [main] INFO  o.s.d.r.c.RepositoryConfigurationDelegate - Bootstrapping Spring Data JPA repositories in DEFAULT mode.
2026-04-15 18:30:23 [main] INFO  o.s.d.r.c.RepositoryConfigurationDelegate - Finished Spring Data repository scanning in 349 ms. Found 1 JPA repository interface.
2026-04-15 18:30:23 [main] INFO  o.s.d.r.c.RepositoryConfigurationDelegate - Multiple Spring Data modules found, entering strict repository configuration mode
2026-04-15 18:30:23 [main] INFO  o.s.d.r.c.RepositoryConfigurationDelegate - Bootstrapping Spring Data Redis repositories in DEFAULT mode.
2026-04-15 18:30:23 [main] INFO  o.s.d.r.c.RepositoryConfigurationExtensionSupport - Spring Data Redis - Could not safely identify store assignment for repository candidate interface com.microservices.order.repository.OrderRepository; If you want this repository to be a Redis repository, consider annotating your entities with one of these annotations: org.springframework.data.redis.core.RedisHash (preferred), or consider extending one of the following types with your repository: org.springframework.data.keyvalue.repository.KeyValueRepository
2026-04-15 18:30:23 [main] INFO  o.s.d.r.c.RepositoryConfigurationDelegate - Finished Spring Data repository scanning in 17 ms. Found 0 Redis repository interfaces.
2026-04-15 18:30:23 [main] INFO  o.s.cloud.context.scope.GenericScope - BeanFactory id=dd01fb88-ae75-374d-9d8e-ce0fa398f90d
2026-04-15 18:30:24 [main] INFO  o.s.b.w.e.tomcat.TomcatWebServer - Tomcat initialized with port 8082 (http)
2026-04-15 18:30:25 [main] INFO  o.a.coyote.http11.Http11NioProtocol - Initializing ProtocolHandler ["http-nio-8082"]
2026-04-15 18:30:25 [main] INFO  o.a.catalina.core.StandardService - Starting service [Tomcat]
2026-04-15 18:30:25 [main] INFO  o.a.catalina.core.StandardEngine - Starting Servlet engine: [Apache Tomcat/10.1.34]
2026-04-15 18:30:25 [main] INFO  o.a.c.c.C.[Tomcat].[localhost].[/] - Initializing Spring embedded WebApplicationContext
2026-04-15 18:30:25 [main] INFO  o.s.b.w.s.c.ServletWebServerApplicationContext - Root WebApplicationContext: initialization completed in 4905 ms
2026-04-15 18:30:25 [main] INFO  o.h.jpa.internal.util.LogHelper - HHH000204: Processing PersistenceUnitInfo [name: default]
2026-04-15 18:30:26 [main] INFO  org.hibernate.Version - HHH000412: Hibernate ORM core version 6.6.4.Final
2026-04-15 18:30:26 [main] INFO  o.h.c.i.RegionFactoryInitiator - HHH000026: Second-level cache disabled
2026-04-15 18:30:27 [main] INFO  o.s.o.j.p.SpringPersistenceUnitInfo - No LoadTimeWeaver setup: ignoring JPA class transformer
2026-04-15 18:30:28 [main] INFO  com.zaxxer.hikari.HikariDataSource - HikariPool-1 - Starting...
2026-04-15 18:30:28 [main] INFO  com.zaxxer.hikari.pool.HikariPool - HikariPool-1 - Added connection org.postgresql.jdbc.PgConnection@785ef70f
2026-04-15 18:30:28 [main] INFO  com.zaxxer.hikari.HikariDataSource - HikariPool-1 - Start completed.
2026-04-15 18:30:28 [main] INFO  o.hibernate.orm.connections.pooling - HHH10001005: Database info:
	Database JDBC URL [Connecting through datasource 'HikariDataSource (HikariPool-1)']
	Database driver: undefined/unknown
	Database version: 15.17
	Autocommit mode: undefined/unknown
	Isolation level: undefined/unknown
	Minimum pool size: undefined/unknown
	Maximum pool size: undefined/unknown
2026-04-15 18:30:30 [main] INFO  o.h.e.t.j.p.i.JtaPlatformInitiator - HHH000489: No JTA platform available (set 'hibernate.transaction.jta.platform' to enable JTA platform integration)
2026-04-15 18:30:31 [main] INFO  o.s.o.j.LocalContainerEntityManagerFactoryBean - Initialized JPA EntityManagerFactory for persistence unit 'default'
2026-04-15 18:30:31 [main] WARN  o.s.b.a.o.j.JpaBaseConfiguration$JpaWebConfiguration - spring.jpa.open-in-view is enabled by default. Therefore, database queries may be performed during view rendering. Explicitly configure spring.jpa.open-in-view to disable this warning
2026-04-15 18:30:37 [main] INFO  o.a.k.c.admin.AdminClientConfig - AdminClientConfig values: 
	auto.include.jmx.reporter = true
	bootstrap.controllers = []
	bootstrap.servers = [localhost:29092]
	client.dns.lookup = use_all_dns_ips
	client.id = order-service-admin-0
	connections.max.idle.ms = 300000
	default.api.timeout.ms = 60000
	enable.metrics.push = true
	metadata.max.age.ms = 300000
	metadata.recovery.strategy = none
	metric.reporters = []
	metrics.num.samples = 2
	metrics.recording.level = INFO
	metrics.sample.window.ms = 30000
	receive.buffer.bytes = 65536
	reconnect.backoff.max.ms = 1000
	reconnect.backoff.ms = 50
	request.timeout.ms = 30000
	retries = 2147483647
	retry.backoff.max.ms = 1000
	retry.backoff.ms = 100
	sasl.client.callback.handler.class = null
	sasl.jaas.config = null
	sasl.kerberos.kinit.cmd = /usr/bin/kinit
	sasl.kerberos.min.time.before.relogin = 60000
	sasl.kerberos.service.name = null
	sasl.kerberos.ticket.renew.jitter = 0.05
	sasl.kerberos.ticket.renew.window.factor = 0.8
	sasl.login.callback.handler.class = null
	sasl.login.class = null
	sasl.login.connect.timeout.ms = null
	sasl.login.read.timeout.ms = null
	sasl.login.refresh.buffer.seconds = 300
	sasl.login.refresh.min.period.seconds = 60
	sasl.login.refresh.window.factor = 0.8
	sasl.login.refresh.window.jitter = 0.05
	sasl.login.retry.backoff.max.ms = 10000
	sasl.login.retry.backoff.ms = 100
	sasl.mechanism = GSSAPI
	sasl.oauthbearer.clock.skew.seconds = 30
	sasl.oauthbearer.expected.audience = null
	sasl.oauthbearer.expected.issuer = null
	sasl.oauthbearer.jwks.endpoint.refresh.ms = 3600000
	sasl.oauthbearer.jwks.endpoint.retry.backoff.max.ms = 10000
	sasl.oauthbearer.jwks.endpoint.retry.backoff.ms = 100
	sasl.oauthbearer.jwks.endpoint.url = null
	sasl.oauthbearer.scope.claim.name = scope
	sasl.oauthbearer.sub.claim.name = sub
	sasl.oauthbearer.token.endpoint.url = null
	security.protocol = PLAINTEXT
	security.providers = null
	send.buffer.bytes = 131072
	socket.connection.setup.timeout.max.ms = 30000
	socket.connection.setup.timeout.ms = 10000
	ssl.cipher.suites = null
	ssl.enabled.protocols = [TLSv1.2, TLSv1.3]
	ssl.endpoint.identification.algorithm = https
	ssl.engine.factory.class = null
	ssl.key.password = null
	ssl.keymanager.algorithm = SunX509
	ssl.keystore.certificate.chain = null
	ssl.keystore.key = null
	ssl.keystore.location = null
	ssl.keystore.password = null
	ssl.keystore.type = JKS
	ssl.protocol = TLSv1.3
	ssl.provider = null
	ssl.secure.random.implementation = null
	ssl.trustmanager.algorithm = PKIX
	ssl.truststore.certificates = null
	ssl.truststore.location = null
	ssl.truststore.password = null
	ssl.truststore.type = JKS

2026-04-15 18:30:38 [main] INFO  o.a.kafka.common.utils.AppInfoParser - Kafka version: 3.8.1
2026-04-15 18:30:38 [main] INFO  o.a.kafka.common.utils.AppInfoParser - Kafka commitId: 70d6ff42debf7e17
2026-04-15 18:30:38 [main] INFO  o.a.kafka.common.utils.AppInfoParser - Kafka startTimeMs: 1776277838075
2026-04-15 18:30:39 [kafka-admin-client-thread | order-service-admin-0] WARN  o.a.k.clients.admin.KafkaAdminClient - [AdminClient clientId=order-service-admin-0] The DescribeTopicPartitions API is not supported, using Metadata API to describe topics.
2026-04-15 18:30:39 [kafka-admin-client-thread | order-service-admin-0] INFO  o.a.kafka.common.utils.AppInfoParser - App info kafka.admin.client for order-service-admin-0 unregistered
2026-04-15 18:30:39 [kafka-admin-client-thread | order-service-admin-0] INFO  o.a.kafka.common.metrics.Metrics - Metrics scheduler closed
2026-04-15 18:30:39 [kafka-admin-client-thread | order-service-admin-0] INFO  o.a.kafka.common.metrics.Metrics - Closing reporter org.apache.kafka.common.metrics.JmxReporter
2026-04-15 18:30:39 [kafka-admin-client-thread | order-service-admin-0] INFO  o.a.kafka.common.metrics.Metrics - Metrics reporters closed
2026-04-15 18:30:39 [main] INFO  o.a.coyote.http11.Http11NioProtocol - Starting ProtocolHandler ["http-nio-8082"]
2026-04-15 18:30:39 [main] INFO  o.s.b.w.e.tomcat.TomcatWebServer - Tomcat started on port 8082 (http) with context path '/'
2026-04-15 18:30:39 [main] INFO  c.m.order.OrderServiceApplication - Started OrderServiceApplication in 20.61 seconds (process running for 22.124)
2026-04-15 18:31:03 [http-nio-8082-exec-1] INFO  o.a.c.c.C.[Tomcat].[localhost].[/] - Initializing Spring DispatcherServlet 'dispatcherServlet'
2026-04-15 18:31:03 [http-nio-8082-exec-1] INFO  o.s.web.servlet.DispatcherServlet - Initializing Servlet 'dispatcherServlet'
2026-04-15 18:31:03 [http-nio-8082-exec-1] INFO  o.s.web.servlet.DispatcherServlet - Completed initialization in 2 ms
